map "http://salute.gov.it/ig/cda-fhir-maps/StructureMap/PrescrizioneFarmaceuticaNoSSN" = "PrescrizioneFarmaceuticaNoSSN"

uses "http://hl7.org/cda/stds/core/StructureDefinition/ClinicalDocument" alias ClinicalDocument as source
uses "http://hl7.org/cda/stds/core/StructureDefinition/AssignedAuthor" alias AssignedAuthor as source
uses "http://hl7.org/cda/stds/core/StructureDefinition/AssignedEntity" alias AssignedEntity as source
uses "http://hl7.org/cda/stds/core/StructureDefinition/AssociatedEntity" alias AssociatedEntity as source
uses "http://hl7.org/cda/stds/core/StructureDefinition/CustodianOrganization" alias CustodianOrganization as source
uses "http://hl7.org/cda/stds/core/StructureDefinition/OrganizationPartOf" alias OrganizationPartOf as source
uses "http://hl7.org/cda/stds/core/StructureDefinition/Organization" alias rapresentedOrganization as source
uses "http://hl7.org/cda/stds/core/StructureDefinition/Section" alias Section as source
uses "http://hl7.org/cda/stds/core/StructureDefinition/PatientRole" alias PatientRole as source
uses "http://hl7.org/cda/stds/core/StructureDefinition/AD" alias AD as source
uses "http://hl7.org/cda/stds/core/StructureDefinition/Act" alias Act as source
uses "http://hl7.org/cda/stds/core/StructureDefinition/IVL-PQ" alias IVL_PQ as source
uses "http://hl7.org/cda/stds/core/StructureDefinition/PQ" alias PQ as source

uses "http://hl7.org/fhir/StructureDefinition/Bundle" alias Bundle as target
uses "http://hl7.org/fhir/StructureDefinition/Composition" alias Composition as target
uses "http://hl7.org/fhir/StructureDefinition/Patient" alias Patient as target
uses "http://hl7.org/fhir/StructureDefinition/Encounter" alias Encounter as target
uses "http://hl7.org/fhir/StructureDefinition/Person" alias Patient as target
uses "http://hl7.org/fhir/StructureDefinition/Practitioner" alias Practitioner as target
uses "http://hl7.org/fhir/StructureDefinition/Organization" alias Organization as target
uses "http://hl7.org/fhir/StructureDefinition/SimpleQuantity" alias SimpleQuantity as target

imports "http://salute.gov.it/ig/cda-fhir-maps/StructureMap/CdaToFhirDataTypes"
imports "http://salute.gov.it/ig/cda-fhir-maps/StructureMap/FULLHEADER"

group CdaToBundle(source cda : ClinicalDocument, target bundle : Bundle) {
    cda ->  bundle.entry as e, e.request = create('BackboneElement') as request, request.method = 'POST',  e.resource = create('Composition') as composition,  composition.id = uuid() as uuid1,  e.fullUrl = append('https://example/Composition/', uuid1), request.url = 'Composition',  bundle.entry as e2, e2.request = create('BackboneElement') as requestPAT, requestPAT.method = 'PUT', e2.resource = create('Patient') as patient,  patient.id = uuid() as uuid2,  e2.fullUrl = append('https://example/Patient/', uuid2), bundle.entry as e3, e3.request = create('BackboneElement') as request, request.method = 'POST',  e3.resource = create('Encounter') as encounter,  encounter.id = uuid() as uuid3,  e3.fullUrl = append('https://example/Encounter/', uuid3),request.url = 'Encounter',
    bundle.entry as e5, e5.request = create('BackboneElement') as request, request.method = 'POST',  e5.resource = create('DocumentReference') as DocumentReference,  DocumentReference.id = uuid() as uuid5,  e5.fullUrl = append('https://example/DocumentReference/', uuid5), request.url = 'DocumentReference' then {
    cda then ClinicalDocumentToBundle(cda, patient, composition, encounter, bundle, DocumentReference) "cdatobundle";
     cda.recordTarget as recordTarget then{
      recordTarget.patientRole as patient then{
        patient.id as id -> patient.identifier as identifier then {
          id.root as r ->identifier.system= translate(r, 'http://hl7.org/fhir/ConceptMap/special-oid2uri', 'uri') "root1";
          id.extension as ext->identifier.value = ext;
          id.assigningAuthorityName as s ->  identifier.assigner as a,  a.display = s;
        }"record";
        patient.id as id where (root='2.16.840.1.113883.2.9.4.3.2') or (root='2.16.840.1.113883.2.9.4.3.7')
        or (root='2.16.840.1.113883.2.9.4.3.3') or(root='2.16.840.1.113883.2.9.4.3.17')  or (root = '2.16.840.1.113883.2.9.4.3.18') or (root = '2.16.840.1.113883.2.9.2.10.4.1.1')
        or (root = '2.16.840.1.113883.2.9.2.20.4.1.1') or (root = '2.16.840.1.113883.2.9.2.30.4.1.1')  or (root = '2.16.840.1.113883.2.9.2.41.4.1.1')  or (root = '2.16.840.1.113883.2.9.2.42.4.1.1')
        or (root = '2.16.840.1.113883.2.9.2.50.4.1.1') or (root = '2.16.840.1.113883.2.9.2.60.4.1.1')  or (root = '2.16.840.1.113883.2.9.2.70.4.1.1')  or (root = '2.16.840.1.113883.2.9.2.80.4.1.1')
        or (root = '2.16.840.1.113883.2.9.2.90.4.1.1') or (root = '2.16.840.1.113883.2.9.2.100.4.1.1') or (root = '2.16.840.1.113883.2.9.2.110.4.1.1') or (root = '2.16.840.1.113883.2.9.2.120.4.1.1')
        or (root = '2.16.840.1.113883.2.9.2.130.4.1.1') or (root = '2.16.840.1.113883.2.9.2.140.4.1.1') or (root = '2.16.840.1.113883.2.9.2.150.4.1.1') or (root = '2.16.840.1.113883.2.9.2.160.4.1.1')
        or (root = '2.16.840.1.113883.2.9.2.170.4.1.1') or (root = '2.16.840.1.113883.2.9.2.180.4.1.1') or (root = '2.16.840.1.113883.2.9.2.190.4.1.1') or (root = '2.16.840.1.113883.2.9.2.200.4.1.1')
        or (root = '2.16.840.1.113883.2.9.2.10.4.1') or (root = '2.16.840.1.113883.2.9.2.20.4.1') or (root = '2.16.840.1.113883.2.9.2.30.4.1') or (root = '2.16.840.1.113883.2.9.2.41.4.1')
        or (root = '2.16.840.1.113883.2.9.2.42.4.1') or (root = '2.16.840.1.113883.2.9.2.50.4.1') or (root = '2.16.840.1.113883.2.9.2.60.4.1') or (root = '2.16.840.1.113883.2.9.2.70.4.1')
        or (root = '2.16.840.1.113883.2.9.2.80.4.1') or (root = '2.16.840.1.113883.2.9.2.90.4.1') or (root = '2.16.840.1.113883.2.9.2.100.4.1') or (root = '2.16.840.1.113883.2.9.2.110.4.1')
        or (root = '2.16.840.1.113883.2.9.2.120.4.1')  or (root = '2.16.840.1.113883.2.9.2.130.4.1')  or (root = '2.16.840.1.113883.2.9.2.140.4.1')  or (root = '2.16.840.1.113883.2.9.2.150.4.1')
        or (root = '2.16.840.1.113883.2.9.2.160.4.1')  or (root = '2.16.840.1.113883.2.9.2.170.4.1')  or (root = '2.16.840.1.113883.2.9.2.180.4.1')  or (root = '2.16.840.1.113883.2.9.2.190.4.1')
        or (root = '2.16.840.1.113883.2.9.2.200.4.1') or (root='2.16.840.1.113883.2.9.4.3.15')  then {
          id.extension as ext -> requestPAT.url = append('Patient?identifier=',ext) "UUID";
          }"ext";
      }"recPat";
     }"patient";
   } "ClinicalDocumentToBody";
  }

  group ClinicalDocumentToBundle(source cda : ClinicalDocument, target patient : Patient, target composition : Composition, target encounter : Encounter, target bundle : Bundle, target DocumentReference : DocumentReference) {
    cda -> bundle.id = uuid() "id";
    cda.id -> bundle.identifier "identifier";
    cda -> bundle.type = 'transaction' "type";
    cda -> bundle.timestamp=(timestamp.now()) "date";
    cda then ClinicalDocumentComposition(cda, composition, patient, encounter, bundle, DocumentReference) "composition";  
    cda.component as component then {
      component.structuredBody as body then {
        body ->bundle.entry as e1, e1.request = create('BackboneElement') as request, request.method = 'POST',   e1.resource = create('Coverage') as coverage,  coverage.id = uuid() as uuid1,  e1.fullUrl = append('https://example/Coverage/', uuid1), request.url = 'Coverage' then {  
        body.component as component  then {
         //discretizzi il primo livello di component 
          component.section as srcSection then {
          srcSection.code where(code = '57827-8') -> composition.section as tgtSection  then ClinicalDocumentSectionEsenzioni(cda, srcSection, patient, tgtSection, bundle,encounter,coverage) "esenz";
          srcSection.code where(code = '57828-6') -> composition.section as tgtSection  then ClinicalDocumentSectionPrescrizioneFarmaceutica(cda, srcSection, patient, tgtSection, bundle,encounter,coverage) "prescfarm";
          srcSection.code where(code = '48767-8') -> composition.section as tgtSection  then ClinicalDocumentSectionAnnotazioni(cda, srcSection, patient, tgtSection, bundle,encounter) "annot";
          srcSection.code where(code = '51851-4') -> composition.section as tgtSection  then ClinicalDocumentSectionMessaggioRegionale(cda, srcSection, patient, tgtSection, bundle,encounter) "messregg";
          srcSection.code where(code = '8716-3')  -> composition.section as tgtSection   then ClinicalDocumentSectionParametriVitali(cda, srcSection, patient, tgtSection, bundle,encounter) "paramvit";
          srcSection.code where(code = '48765-2') -> composition.section as tgtSection  then ClinicalDocumentSectionAllergieaiFarmaci(cda, srcSection, patient, tgtSection, bundle,encounter) "allergfarm";
          srcSection.code where(code = '47420-5') -> composition.section as tgtSection  then ClinicalDocumentSectionStatoClinicoPaziente(cda, srcSection, patient, tgtSection, bundle,encounter) "statclinpaz";
           }"cov";  
          }"bodycompo";
        }"coverage";
      } "body";
    }"component";
  }
  group ClinicalDocumentSectionEsenzioni(source cda : ClinicalDocument, source src : Section, target patient : Patient, target tgt, target bundle : Bundle, target enc : Encounter, target coverage : Coverage){
    src.title as t -> tgt.title = (t.xmlText);
    src.code -> tgt.code;
    src.text as cdaText -> tgt.entry  = create('Reference') as reference,  reference.reference = ('https://example/Coverage/' + %coverage.id), tgt.text as fhirText then {
      cdaText -> fhirText.status = 'generated' "narrativeStatus";
      cdaText as t -> fhirText.div = t "narrativeText"; 
       src.entry as srcse then {
        srcse.act as srcsec then {
        srcsec.code -> coverage.type;
        srcsec.code as srctxt then{
            srctxt-> coverage.type as typetxt then {
            srctxt.originalText as ref then {
              ref.reference as t then {
                t.value as l -> typetxt.text=l "reference";
              }"reft";
             } "ref";
            }"reftxt";
        }"origtxt";
        srcsec where coverage.status.exists().not() then {
            srcsec->coverage.status ='active'"status";
          }"statuscode";
          srcsec->coverage.beneficiary=create('Reference') as reference,  reference.reference = ('https://example/Patient/' + %patient.id) "reference"; 
          srcsec->coverage.payor=create('Reference') as reference,  reference.reference = ('https://example/Patient/' + %patient.id) "reference";                          
         } "cdaText";
        }"secact";
      }"cff"; 
    }
       
      group ClinicalDocumentSectionPrescrizioneFarmaceutica(source cda : ClinicalDocument, source src : Section, target patient : Patient, target tgt, target bundle : Bundle, target enc : Encounter, target coverage : Coverage){
        src.title as t -> tgt.title = (t.xmlText);
        src.code -> tgt.code;
        src.text as cdaText -> tgt.text as fhirText then { 
        cdaText -> fhirText.status = 'generated' "narrativeStatus";
          cdaText as t -> fhirText.div = t "narrativeText"; 
          src.entry as srcent ->bundle.entry as e2, e2.request = create('BackboneElement') as request, request.method = 'POST',   e2.resource = create('MedicationRequest') as medRq,  medRq.id = uuid() as uuid1,  e2.fullUrl = append('https://example/MedicationRequest/', uuid1), request.url = 'MedicationRequest', tgt.entry  = create('Reference') as reference,  reference.reference = ('https://example/MedicationRequest/' + %medRq.id) then {
          srcent-> medRq.subject=create('Reference') as reference,  reference.reference = ('https://example/Patient/' + %patient.id) "reference";
          srcent-> medRq.encounter=create('Reference') as reference,  reference.reference = ('https://example/Encounter/' + %enc.id) "reference"; 
          srcent -> medRq.status='active'"status";
          srcent -> medRq.intent='order'"intent";
            srcent.substanceAdministration as subAdm then {
               subAdm.effectiveTime : IVL_TS as eff -> medRq.dosageInstruction = create('Dosage') as dosage then{
                    subAdm -> dosage.timing = create('Timing') as tim then{
                      subAdm -> tim.repeat as repeat then{
                        eff -> repeat.bounds  =create('Period') as period then IVLTSPeriod(eff,period)"boundsperiod";
                        eff.width as width then {
                          width.value as v-> repeat.duration=v;
                          width.unit as u->repeat.durationUnit=u;
                        }"width";
                      }"repeat";
                     
                }"timing";
              }"dosage";
              subAdm.effectiveTime as eff -> medRq.dosageInstruction = create('Dosage') as dosage then{
                subAdm -> dosage.timing = create('Timing') as tim then{
                 eff where eff.low.exists().not() and eff.high.exists().not()  then{
                   eff.value as v -> tim.event=create ('dateTime') as event then TSDateTime(v, event) "evnt";
                }"effct1";
            
            }"timing1";
          }"dosage1";
              
                subAdm.effectiveTime: PIVL_TS as effp -> medRq.dosageInstruction = create('Dosage') as dosage then{
                  effp -> dosage.timing = create('Timing') as timing then {
                  effp-> timing then periodTiming(effp,timing) "cod";
                  effp where effp.phase.exists() then {
                  effp.phase as phase -> timing.repeat as r then{
                    phase.low-> r.bounds =create('Period') as period then{
                      phase.low -> period.start "lo";
                    }"low";
                    phase.width as wid then {
                      wid.value as v->r.duration=v "vals";
                      wid.unit as u-> r.durationUnit=u "unit";
                    }"dur";
                  }"rep";
                  }"phase";
                }"timing";
                  }"eff";

                  subAdm.effectiveTime: EIVL_TS as effe -> medRq.dosageInstruction = create('Dosage') as dosage then{
                    effe -> dosage.timing = create('Timing') as timing then {
                    effe->timing.repeat as r then{
                    effe.event->r.when;
                    effe.offset as offset then{
                    offset.low as v then{
                     v.value as o ->r.offset=o "barabar";
                        }"offs";
                       }"poi";
                      }"lkj";
                     }"ghj";
                    }"eff";

            subAdm-> medRq.dosageInstruction = create('Dosage') as dosage then{
              subAdm-> dosage.doseAndRate as dosageRate then{
                  subAdm -> dosageRate.dose = create('SimpleQuantity') as d then{
                      subAdm.repeatNumber as rNumber -> d.value = (rNumber.value); 
                    }"low";
                  }"d";
              subAdm.routeCode-> dosage.route "route";
              subAdm.doseQuantity as doseQuant then{
                doseQuant.originalText as ot then{
                  ot.reference -> dosage.text;
                  }"ot";
                doseQuant -> dosage.doseAndRate as dosageRate then{
                  doseQuant -> dosageRate.dose = create('Range') as d then{
                    doseQuant -> d.low = create('SimpleQuantity') as l then{
                      doseQuant.low as lo -> l.value = (lo.value); 
                      doseQuant.low as lo -> l.unit = (lo.unit); 
                    }"low";
                    doseQuant -> d.high = create('SimpleQuantity') as h then{
                      doseQuant.high as hi -> h.value = (hi.value);
                      doseQuant.high as hi -> h.unit = (hi.unit); 
                    }"low";
                  }"d";
                 }"dosageRate";
                }"doseQuant";
              }"dosage";

              subAdm -> bundle.entry as e1, e1.request = create('BackboneElement') as request, request.method = 'POST',   e1.resource = create('Medication') as medication,  medication.id = uuid() as uuid1,  e1.fullUrl = append('https://example/Medication/', uuid1), request.url = 'Medication' ,medRq.medication  = create('Reference') as reference,  reference.reference = ('https://example/Medication/' + %medication.id) then{
                subAdm.consumable as cons then{
                  cons.manufacturedProduct as manuprod then{
                   manuprod.manufacturedLabeledDrug as manudrug then {
                      manudrug -> medication.code=create('CodeableConcept') as med then {
                      manudrug.name as name then {
                         name.item as item then {
                                  item -> med.text=(item.xmlText) "name";
                                 }"item";
                                }"item";
                      manudrug.code->medication.code;
                      manudrug.code as srctxt then{
                      srctxt.originalText as ref then {
                      ref.reference as reference then {
                      reference.value as l -> med.text=l "reference";
                        }"reference";
                       }"ref";
                      }"srctxt";
                     }"manufacturedLabeledDrug";
                    }"manudrug";

                  }"manumat";
               }"cons";
               //-----Supply_QuantitaConfezioniPrescritte-------
               subAdm.entryRelationship as entryrel1 then{
                entryrel1.supply as sup -> medRq.dispenseRequest as dispreq then{
                  sup -> dispreq.quantity = create('SimpleQuantity') as quantity then{
                    sup.quantity as q -> quantity.value = (q.value);
                  }"quantity";  
                }"supply";
               }"entry1";
               //------------Act_noteAIFA-------------
              subAdm.entryRelationship as entryrel2  where (typeCode='REFR') then{
              subAdm ->medRq.insurance = create('Reference') as reference,  reference.reference = ('https://example/Coverage/' + %coverage.id) then {
              entryrel2.act as act2-> coverage.costToBeneficiary as cost then {
                act2-> cost.value = create ('SimpleQuantity') as val then{
                  act2-> val.value='0' "bnm"; 
                }"beneficmoney";
                act2-> cost.exception as except then{
                act2.code->except.type; 
                  }"exept";
                 }"act2";
                }"Cover";
               }"entry2";
               //--------Observation_codicedescrizionediagnosi----------
              subAdm.entryRelationship as entryrel3 where (entryrel3.typeCode='RSON') then{
              subAdm -> bundle.entry as e1, e1.request = create('BackboneElement') as request, request.method = 'POST',   e1.resource = create('Condition') as condition,  condition.id = uuid() as uuid1,  e1.fullUrl = append('https://example/Condition/', uuid1), request.url = 'Condition' ,medRq.reasonReference  = create('Reference') as reference,  reference.reference = ('https://example/Condition/' + %condition.id) then{
               entryrel3.observation  as obs3 where (classCode='OBS')  then {
                obs3->condition.subject=create('Reference') as reference,  reference.reference = ('https://example/Patient/' + %patient.id) "reference";          
                obs3->condition.encounter=create('Reference') as reference,  reference.reference = ('https://example/Encounter/' + %enc.id) "reference";    
                obs3.code->condition.category"diagnosi";
                //-------diagnosi codificata------
                obs3.value:CD as val then{
                  val->condition.code =create('CodeableConcept') as ce then {
                  val -> ce.coding as coding then {
                  val.code as code -> coding.code = cast(code, 'string');
                  val.codeSystem as system -> coding.system = translate(system, 'http://hl7.org/fhir/ConceptMap/special-oid2uri', 'uri');
                  val.displayName as display -> coding.display = cast(display, 'string');
                  val.codeSystemVersion as version -> coding.version = cast(version, 'string');
                   }"code";
                  val.translation as translation -> ce.coding as coding then {
                  translation.code as code -> coding.code = cast(code, 'string');
                  translation.codeSystem as system -> coding.system = translate(system, 'http://hl7.org/fhir/ConceptMap/special-oid2uri', 'uri');
                  translation.displayName as display -> coding.display = cast(display, 'string');
                  translation.codeSystemVersion as version -> coding.version = cast(version, 'string');
                  }"translation";
                }"coding";
               }"val";
                //------diagnosi non codificata------ 
                obs3.value:ST as val then{
                  val->condition.code =create('CodeableConcept') as ce then {
                  val.xmlText as data -> ce.text = data "value";
                   }"ctext";
                  }"val";
                 }"obs3"; 
               }"condition";
              }"entryrelRSON";  

               //-----------Act_NoteEsplicative---------
               subAdm.entryRelationship as entryrel4 where (typeCode='SUBJ') then {
                entryrel4.act as act where (act.templateId.root='2.16.840.1.113883.3.1937.777.63.10.803') then{
                act.code->medRq.reasonCode;
                  act.text as text then{
                   text -> medRq.reasonCode as ce then{
                    text.reference as reference then {
                    reference.value as l -> ce.text=l "reference";
                       }"tcf";
                     }"originltext";
                   }"txt";
                  }"act";
                }"entry4";

              //----Observation_nonsostituibilita---------------
               subAdm.entryRelationship as entryrel5 where (typeCode='SUBJ') then{
                entryrel5.observation  as obs5 where (obs5.templateId.root='2.16.840.1.113883.3.1937.777.63.10.795') -> medRq.substitution as sub then {
                    obs5.code as Code  -> sub.allowed=create('CodeableConcept') as allowed then CECodeableConcept(Code,allowed) "code";
                    obs5.entryRelationship as entry then {
                       entry.observation as obs6 then {
                         obs6.code->sub.reason;
                       }"obs6";
                     }"entry";
                    }"obs5";
                   }"entryrel5";
              
              //----Observation_TerapiaDelDolore---------------
               subAdm.entryRelationship as entryrel6 where (typeCode='SUBJ') then{
                entryrel6.observation  as obs6 where (obs6.templateId.root='2.16.840.1.113883.3.1937.777.63.10.797') -> bundle.entry as e6, e6.request = create('BackboneElement') as request, request.method = 'POST',   e6.resource = create('Observation') as obs,  obs.id = uuid() as uuid1,  e6.fullUrl = append('https://example/Observation/', uuid1), request.url = 'Observation',medRq.supportingInformation = create('Reference') as reference,  reference.reference = ('https://example/Observation/' + %obs.id)  then {   
                  obs6 -> obs.subject=create('Reference') as reference,  reference.reference = ('https://example/Patient/' + %patient.id) "reference";
                  obs6 -> obs.encounter=create('Reference') as reference,  reference.reference = ('https://example/Encounter/' + %enc.id) "reference"; 
                  obs6 -> obs.status ='final'"status";
                  obs6.code -> obs.code "code";
                  obs6.value:BL as boolean ->obs.value=(boolean.value)"boolean";
                }"obs6";
               }"entryrel6";
               
                //----pdfPromemoria ---------------
               subAdm.entryRelationship as entryrel7 where (typeCode='SUBJ') then{
                entryrel7.observationMedia  as obs7 where (obs7.templateId.root='2.16.840.1.113883.3.1937.777.63.10.802') -> bundle.entry as e7, e7.request = create('BackboneElement') as request, request.method = 'POST',   e7.resource = create('Media') as media,  media.id = uuid() as uuid1,  e7.fullUrl = append('https://example/Media/', uuid1), request.url = 'Observation',medRq.supportingInformation = create('Reference') as reference,  reference.reference = ('https://example/Media/' + %media.id)  then {                     
                 obs7-> media.content = create('Attachment') as Attachment then {
                obs7 -> media.status='unknown'"status";
                obs7.value as valueMedia then {
                  valueMedia.mediaType as ctype -> Attachment.contentType= ctype "type";
                  obs7.value as v -> Attachment.data=(v.xmlText) "data";
                 }"valuemedia";            
                } "Attachment";

                }"obs7";
               }"entryrel7";

               //----Act_MessaggioRegionale ---------------
               subAdm.entryRelationship as entryrel2 where (typeCode='SUBJ') then{
                entryrel2.act  as act2 where (act2.templateId.root='2.16.840.1.113883.3.1937.777.63.10.804') then {
                act2-> medRq.note as note then {
                   act2.text as text  ->note.text=(text.xmlText) "reference";
                  }"reference";
                  }"obs3"; 
               }"entry2";

            }"subsadm";
          }"subadm";
    
        }"medRq";
       }"text";
    }

        //------------Sezione Annotazioni-----------------------------------------------------------------------------------------------------------------------------------------     
        group ClinicalDocumentSectionAnnotazioni(source cda : ClinicalDocument, source src : Section, target patient : Patient, target tgt, target bundle : Bundle, target enc : Encounter){
              src.title as t -> tgt.title = (t.xmlText);
              src.code -> tgt.code;
              src.text as cdaText -> tgt.text as fhirText then {
                cdaText -> fhirText.status = 'generated' "narrativeStatus";
                cdaText as t -> fhirText.div = t "narrativeText"; 
                src-> bundle.entry as e1, e1.request = create('BackboneElement') as request, request.method = 'POST',   e1.resource = create('Observation') as obs,  obs.id = uuid() as uuid1,  e1.fullUrl = append('https://example/obs/', uuid1), request.url = 'Observation',tgt.entry  = create('Reference') as reference,  reference.reference = ('https://example/Observation/' + %obs.id)  then {   
                src -> obs.subject=create('Reference') as reference,  reference.reference = ('https://example/Patient/' + %patient.id) "reference";
                src -> obs.encounter=create('Reference') as reference,  reference.reference = ('https://example/Encounter/' + %enc.id) "reference"; 
                src.entry as entry then {
                  entry.act as act then {
                  act.code -> obs.code;
                      src where obs.statusCode.exists().not() then {
                      src->obs.status ='final'"status";
                      }"statuscode";
                      act.text as text -> obs.note as note then {
                        text.reference as t then{
                        t.value as l ->note.text=l "reference";
                         }"tcx";
                        }"reference";
                      }"act";
                   }"entry";
                }"obsnote";
            }"srcentry";
          }
       
          //------------Sezione Messaggio Regionale-----------------------------------------------------------------------------------------------------------------------------------------     
        
          group ClinicalDocumentSectionMessaggioRegionale(source cda : ClinicalDocument, source src : Section, target patient : Patient, target tgt, target bundle : Bundle, target enc : Encounter){
            src.title as t -> tgt.title = (t.xmlText);
            src.code -> tgt.code;
            src.text as cdaText -> tgt.text as fhirText then { 
            cdaText -> fhirText.status = 'generated' "narrativeStatus";
            cdaText as t -> fhirText.div = t "narrativeText"; 
          }"entry";
        }

        //------------Sezione Parametri Vitali-----------------------------------------------------------------------------------------------------------------------------------------     
        group ClinicalDocumentSectionParametriVitali(source cda : ClinicalDocument, source src : Section, target patient : Patient, target tgt, target bundle : Bundle, target enc : Encounter){
          src.title as t -> tgt.title = (t.xmlText);
          src.code -> tgt.code;
           src.text as cdaText -> bundle.entry as e8, e8.request = create('BackboneElement') as request, request.method = 'POST', e8.resource = create('Observation') as Observation,  Observation.id = uuid() as uuid8,  e8.fullUrl = append('https://example/Observation/', uuid8), request.url = 'Observation', tgt.entry  = create('Reference') as reference,  reference.reference = ('https://example/Observation/' + %Observation.id) then {
              src -> Observation.subject=create('Reference') as reference,  reference.reference = ('https://example/Patient/' + %patient.id) "reference";
              src -> Observation.encounter=create('Reference') as reference,  reference.reference = ('https://example/Encounter/' + %enc.id) "reference"; 
                  src.code -> Observation.code;
                  src where Observation.statusCode.exists().not() then {
                      src->Observation.status ='final'"status";
                      }"statuscode";
                    cdaText -> Observation.note as note then{
                    cdaText as t ->note.text =t "reference";
                  }"reference";
                }"nota";
        }
 //------------Sezione Allergie_Intolleranze-----------------------------------------------------------------------------------------------------------------------------------------     
 
  group ClinicalDocumentSectionAllergieaiFarmaci(source cda : ClinicalDocument, source src : Section, target patient : Patient, target tgt, target bundle : Bundle, target enc : Encounter){
    src.title as t -> tgt.title = (t.xmlText);
    src.code -> tgt.code;
    src -> bundle.entry as e9, e9.request = create('BackboneElement') as request, request.method = 'POST', e9.resource = create('AllergyIntolerance') as allergyIntolerance,  allergyIntolerance.id = uuid() as uuid9,  e9.fullUrl = append('https://example/AllergyIntolerance/', uuid9), request.url = 'AllergyIntolerance', tgt.entry  = create('Reference') as reference,  reference.reference = ('https://example/AllergyIntolerance/' + %allergyIntolerance.id) then {
              src -> allergyIntolerance.patient=create('Reference') as reference,  reference.reference = ('https://example/Patient/' + %patient.id) "reference";
              src.text as cdaText -> allergyIntolerance.note as note then{
              cdaText as t ->note.text =t "reference";
            }"reference";
          }"nota";
    }

 //------------Sezione Stato Clinico del Paziente----------------------------------------------------------------------------------------------------------------------------------------     
 
 group ClinicalDocumentSectionStatoClinicoPaziente(source cda : ClinicalDocument, source src : Section, target patient : Patient, target tgt, target bundle : Bundle, target enc : Encounter){
  src.title as t -> tgt.title = (t.xmlText);
  src.code -> tgt.code;
   src.text as cdaText -> bundle.entry as e7, e7.request = create('BackboneElement') as request, request.method = 'POST', e7.resource = create('Observation') as Observation,  Observation.id = uuid() as uuid7,  e7.fullUrl = append('https://example/Observation/', uuid7), request.url = 'Observation', tgt.entry  = create('Reference') as reference,  reference.reference = ('https://example/Observation/' + %Observation.id) then {
      src -> Observation.subject=create('Reference') as reference,  reference.reference = ('https://example/Patient/' + %patient.id) "reference";
      src -> Observation.encounter=create('Reference') as reference,  reference.reference = ('https://example/Encounter/' + %enc.id) "reference"; 
          src.code -> Observation.code;
          src where Observation.statusCode.exists().not() then {
              src->Observation.status ='final'"status";
              }"statuscode";
            cdaText -> Observation.note as note then{
            cdaText as t ->note.text =t "reference";
          }"reference";
        }"nota";
  }
       group periodTiming(source effectiveTime: PIVL_TS, target timing: Timing){
        effectiveTime -> timing.repeat as r then{
          effectiveTime.period as p -> r.period = (p.value); 
          effectiveTime.period as p -> r.periodUnit = (p.unit);   
        }"repeat";
      }
